// Jest Snapshot v1, https://goo.gl/fbAQLP

exports[`rewrite idiosyncrasies of the react-native TS definitions 1`] = `
"import * as ReactNative from \\"react-native\\";
declare type A = ReactNative.Constructor<number>;
"
`;
